Job ID: b7d3dd5a
Timestamp: 20251003_181422
Visual word: hello
Hidden word: anita
Method: Contextual Alternates (V3)
Detected variable font. Instantiating with axis defaults: {'wght': 400.0, 'wdth': 100.0}
Saved static base font to b7d3dd5a_normal.ttf
Creating alternate glyphs for contextual substitution:
  Position 0: 'a' → 'h' (created a.alt0)
  Position 4: 'a' → 'o' (created a.alt4)
  Position 1: 'n' → 'e' (created n.alt1)
  Position 2: 'i' → 'l' (created i.alt2)
  Position 3: 't' → 'l' (created t.alt3)
  CALT rule:   sub a' by a.alt0 n i t a;
  CALT rule:   sub a.alt0 n' by n.alt1 i t a;
  CALT rule:   sub a.alt0 n.alt1 i' by i.alt2 t a;
  CALT rule:   sub a.alt0 n.alt1 i.alt2 t' by t.alt3 a;
  CALT rule:   sub a.alt0 n.alt1 i.alt2 t.alt3 a' by a.alt4;
Generated feature code:
languagesystem DFLT dflt;
languagesystem latn dflt;

feature calt {
  sub a' by a.alt0 n i t a;
  sub a.alt0 n' by n.alt1 i t a;
  sub a.alt0 n.alt1 i' by i.alt2 t a;
  sub a.alt0 n.alt1 i.alt2 t' by t.alt3 a;
  sub a.alt0 n.alt1 i.alt2 t.alt3 a' by a.alt4;
} calt;

Warning: Failed to add calt feature: [Errno 63] File name too long: "languagesystem DFLT dflt;\nlanguagesystem latn dflt;\n\nfeature calt {\n  sub a' by a.alt0 n i t a;\n  sub a.alt0 n' by n.alt1 i t a;\n  sub a.alt0 n.alt1 i' by i.alt2 t a;\n  sub a.alt0 n.alt1 i.alt2 t' by t.alt3 a;\n  sub a.alt0 n.alt1 i.alt2 t.alt3 a' by a.alt4;\n} calt;\n"
Saved deceptive font to b7d3dd5a_deceptive_v3.ttf
